Command line invocation:
    /Applications/Xcode.app/Contents/Developer/usr/bin/xcodebuild -project Zettel.xcodeproj -scheme Zettel -configuration Debug -derivedDataPath build/DerivedData -destination generic/platform=iOS build

ComputePackagePrebuildTargetDependencyGraph

Prepare packages

CreateBuildRequest

SendProjectDescription

CreateBuildOperation

ComputeTargetDependencyGraph
note: Building targets in dependency order
note: Target dependency graph (1 target)
    Target 'Zettel' in project 'Zettel' (no dependencies)

GatherProvisioningInputs

CreateBuildDescription

ExecuteExternalTool /Applications/Xcode.app/Contents/Developer/Toolchains/XcodeDefault.xctoolchain/usr/bin/clang -v -E -dM -isysroot /Applications/Xcode.app/Contents/Developer/Platforms/iPhoneOS.platform/Developer/SDKs/iPhoneOS26.0.sdk -x c -c /dev/null

ExecuteExternalTool /Applications/Xcode.app/Contents/Developer/usr/bin/actool --print-asset-tag-combinations --output-format xml1 /Users/alexweichart/Developer/Zettel/Zettel/Assets.xcassets

ExecuteExternalTool /Applications/Xcode.app/Contents/Developer/usr/bin/actool --version --output-format xml1

ExecuteExternalTool /Applications/Xcode.app/Contents/Developer/Toolchains/XcodeDefault.xctoolchain/usr/bin/swiftc --version

ExecuteExternalTool /Applications/Xcode.app/Contents/Developer/Toolchains/XcodeDefault.xctoolchain/usr/bin/ld -version_details

Build description signature: 088695743144ace97225c6e2aa9ad23e
Build description path: /Users/alexweichart/Developer/Zettel/build/DerivedData/Build/Intermediates.noindex/XCBuildData/088695743144ace97225c6e2aa9ad23e.xcbuilddata
ClangStatCache /Applications/Xcode.app/Contents/Developer/Toolchains/XcodeDefault.xctoolchain/usr/bin/clang-stat-cache /Applications/Xcode.app/Contents/Developer/Platforms/iPhoneOS.platform/Developer/SDKs/iPhoneOS26.0.sdk /Users/alexweichart/Developer/Zettel/build/DerivedData/SDKStatCaches.noindex/iphoneos26.0-23A339-3885c01c3e6b6a337905948deab2002e81ce72e5b06c9602b9d30b56f2eed08a.sdkstatcache
    cd /Users/alexweichart/Developer/Zettel/Zettel.xcodeproj
    /Applications/Xcode.app/Contents/Developer/Toolchains/XcodeDefault.xctoolchain/usr/bin/clang-stat-cache /Applications/Xcode.app/Contents/Developer/Platforms/iPhoneOS.platform/Developer/SDKs/iPhoneOS26.0.sdk -o /Users/alexweichart/Developer/Zettel/build/DerivedData/SDKStatCaches.noindex/iphoneos26.0-23A339-3885c01c3e6b6a337905948deab2002e81ce72e5b06c9602b9d30b56f2eed08a.sdkstatcache

ProcessProductPackaging "" /Users/alexweichart/Developer/Zettel/build/DerivedData/Build/Intermediates.noindex/Zettel.build/Debug-iphoneos/Zettel.build/Zettel.app.xcent (in target 'Zettel' from project 'Zettel')
    cd /Users/alexweichart/Developer/Zettel
    
    Entitlements:
    
    {
    "application-identifier" = "YWRT8FQN6F.com.weichart.Zettel";
    "com.apple.developer.team-identifier" = YWRT8FQN6F;
    "get-task-allow" = 1;
}
    
    builtin-productPackagingUtility -entitlements -format xml -o /Users/alexweichart/Developer/Zettel/build/DerivedData/Build/Intermediates.noindex/Zettel.build/Debug-iphoneos/Zettel.build/Zettel.app.xcent

ProcessProductPackagingDER /Users/alexweichart/Developer/Zettel/build/DerivedData/Build/Intermediates.noindex/Zettel.build/Debug-iphoneos/Zettel.build/Zettel.app.xcent /Users/alexweichart/Developer/Zettel/build/DerivedData/Build/Intermediates.noindex/Zettel.build/Debug-iphoneos/Zettel.build/Zettel.app.xcent.der (in target 'Zettel' from project 'Zettel')
    cd /Users/alexweichart/Developer/Zettel
    /usr/bin/derq query -f xml -i /Users/alexweichart/Developer/Zettel/build/DerivedData/Build/Intermediates.noindex/Zettel.build/Debug-iphoneos/Zettel.build/Zettel.app.xcent -o /Users/alexweichart/Developer/Zettel/build/DerivedData/Build/Intermediates.noindex/Zettel.build/Debug-iphoneos/Zettel.build/Zettel.app.xcent.der --raw

SwiftDriver Zettel normal arm64 com.apple.xcode.tools.swift.compiler (in target 'Zettel' from project 'Zettel')
    cd /Users/alexweichart/Developer/Zettel
    builtin-SwiftDriver -- /Applications/Xcode.app/Contents/Developer/Toolchains/XcodeDefault.xctoolchain/usr/bin/swiftc -module-name Zettel -Onone -enforce-exclusivity\=checked @/Users/alexweichart/Developer/Zettel/build/DerivedData/Build/Intermediates.noindex/Zettel.build/Debug-iphoneos/Zettel.build/Objects-normal/arm64/Zettel.SwiftFileList -DDEBUG -enable-bare-slash-regex -enable-experimental-feature DebugDescriptionMacro -sdk /Applications/Xcode.app/Contents/Developer/Platforms/iPhoneOS.platform/Developer/SDKs/iPhoneOS26.0.sdk -target arm64-apple-ios26.0 -g -module-cache-path /Users/alexweichart/Developer/Zettel/build/DerivedData/ModuleCache.noindex -Xfrontend -serialize-debugging-options -profile-coverage-mapping -profile-generate -enable-testing -index-store-path /Users/alexweichart/Developer/Zettel/build/DerivedData/Index.noindex/DataStore -Xcc -D_LIBCPP_HARDENING_MODE\=_LIBCPP_HARDENING_MODE_DEBUG -swift-version 5 -I /Users/alexweichart/Developer/Zettel/build/DerivedData/Build/Products/Debug-iphoneos -F /Users/alexweichart/Developer/Zettel/build/DerivedData/Build/Products/Debug-iphoneos -emit-localized-strings -emit-localized-strings-path /Users/alexweichart/Developer/Zettel/build/DerivedData/Build/Intermediates.noindex/Zettel.build/Debug-iphoneos/Zettel.build/Objects-normal/arm64 -c -j10 -enable-batch-mode -incremental -Xcc -ivfsstatcache -Xcc /Users/alexweichart/Developer/Zettel/build/DerivedData/SDKStatCaches.noindex/iphoneos26.0-23A339-3885c01c3e6b6a337905948deab2002e81ce72e5b06c9602b9d30b56f2eed08a.sdkstatcache -output-file-map /Users/alexweichart/Developer/Zettel/build/DerivedData/Build/Intermediates.noindex/Zettel.build/Debug-iphoneos/Zettel.build/Objects-normal/arm64/Zettel-OutputFileMap.json -use-frontend-parseable-output -save-temps -no-color-diagnostics -explicit-module-build -module-cache-path /Users/alexweichart/Developer/Zettel/build/DerivedData/Build/Intermediates.noindex/SwiftExplicitPrecompiledModules -clang-scanner-module-cache-path /Users/alexweichart/Developer/Zettel/build/DerivedData/ModuleCache.noindex -sdk-module-cache-path /Users/alexweichart/Developer/Zettel/build/DerivedData/ModuleCache.noindex -serialize-diagnostics -emit-dependencies -emit-module -emit-module-path /Users/alexweichart/Developer/Zettel/build/DerivedData/Build/Intermediates.noindex/Zettel.build/Debug-iphoneos/Zettel.build/Objects-normal/arm64/Zettel.swiftmodule -validate-clang-modules-once -clang-build-session-file /Users/alexweichart/Developer/Zettel/build/DerivedData/ModuleCache.noindex/Session.modulevalidation -Xcc -I/Users/alexweichart/Developer/Zettel/build/DerivedData/Build/Intermediates.noindex/Zettel.build/Debug-iphoneos/Zettel.build/swift-overrides.hmap -emit-const-values -Xfrontend -const-gather-protocols-file -Xfrontend /Users/alexweichart/Developer/Zettel/build/DerivedData/Build/Intermediates.noindex/Zettel.build/Debug-iphoneos/Zettel.build/Objects-normal/arm64/Zettel_const_extract_protocols.json -Xcc -iquote -Xcc /Users/alexweichart/Developer/Zettel/build/DerivedData/Build/Intermediates.noindex/Zettel.build/Debug-iphoneos/Zettel.build/Zettel-generated-files.hmap -Xcc -I/Users/alexweichart/Developer/Zettel/build/DerivedData/Build/Intermediates.noindex/Zettel.build/Debug-iphoneos/Zettel.build/Zettel-own-target-headers.hmap -Xcc -I/Users/alexweichart/Developer/Zettel/build/DerivedData/Build/Intermediates.noindex/Zettel.build/Debug-iphoneos/Zettel.build/Zettel-all-target-headers.hmap -Xcc -iquote -Xcc /Users/alexweichart/Developer/Zettel/build/DerivedData/Build/Intermediates.noindex/Zettel.build/Debug-iphoneos/Zettel.build/Zettel-project-headers.hmap -Xcc -I/Users/alexweichart/Developer/Zettel/build/DerivedData/Build/Products/Debug-iphoneos/include -Xcc -I/Users/alexweichart/Developer/Zettel/build/DerivedData/Build/Intermediates.noindex/Zettel.build/Debug-iphoneos/Zettel.build/DerivedSources-normal/arm64 -Xcc -I/Users/alexweichart/Developer/Zettel/build/DerivedData/Build/Intermediates.noindex/Zettel.build/Debug-iphoneos/Zettel.build/DerivedSources/arm64 -Xcc -I/Users/alexweichart/Developer/Zettel/build/DerivedData/Build/Intermediates.noindex/Zettel.build/Debug-iphoneos/Zettel.build/DerivedSources -Xcc -DDEBUG\=1 -emit-objc-header -emit-objc-header-path /Users/alexweichart/Developer/Zettel/build/DerivedData/Build/Intermediates.noindex/Zettel.build/Debug-iphoneos/Zettel.build/Objects-normal/arm64/Zettel-Swift.h -working-directory /Users/alexweichart/Developer/Zettel -experimental-emit-module-separately -disable-cmo

SwiftCompile normal arm64 Compiling\ MainView.swift /Users/alexweichart/Developer/Zettel/Zettel/Views/MainView.swift (in target 'Zettel' from project 'Zettel')

SwiftCompile normal arm64 /Users/alexweichart/Developer/Zettel/Zettel/Views/MainView.swift (in target 'Zettel' from project 'Zettel')
    cd /Users/alexweichart/Developer/Zettel
    
/Users/alexweichart/Developer/Zettel/Zettel/Views/MainView.swift:513:11: error: argument 'label' must precede argument 'primaryAction'
        } label: {
~~~~~~~~~~^~~~~~~~
         

Failed frontend command:
/Applications/Xcode.app/Contents/Developer/Toolchains/XcodeDefault.xctoolchain/usr/bin/swift-frontend -frontend -c /Users/alexweichart/Developer/Zettel/Zettel/Constants/LayoutConstants.swift /Users/alexweichart/Developer/Zettel/Zettel/Constants/StringConstants.swift /Users/alexweichart/Developer/Zettel/Zettel/Constants/ThemeConstants.swift /Users/alexweichart/Developer/Zettel/Zettel/Extensions/CGFloat+Extensions.swift /Users/alexweichart/Developer/Zettel/Zettel/Extensions/Color+Extensions.swift /Users/alexweichart/Developer/Zettel/Zettel/Extensions/String+Localization.swift /Users/alexweichart/Developer/Zettel/Zettel/Intents/CreateNewNoteIntent.swift /Users/alexweichart/Developer/Zettel/Zettel/Models/Note.swift /Users/alexweichart/Developer/Zettel/Zettel/Models/Tag.swift /Users/alexweichart/Developer/Zettel/Zettel/Models/TagParser.swift /Users/alexweichart/Developer/Zettel/Zettel/Speech/DictationLocaleManager.swift /Users/alexweichart/Developer/Zettel/Zettel/Speech/NoteDictationController.swift /Users/alexweichart/Developer/Zettel/Zettel/Stores/NoteStore.swift /Users/alexweichart/Developer/Zettel/Zettel/Stores/TagStore.swift /Users/alexweichart/Developer/Zettel/Zettel/Stores/ThemeStore.swift /Users/alexweichart/Developer/Zettel/Zettel/Utilities/DefaultTitleTemplateManager.swift /Users/alexweichart/Developer/Zettel/Zettel/Utilities/LocalizationManager.swift /Users/alexweichart/Developer/Zettel/Zettel/Views/Modifiers/ScrollFadeModifier.swift /Users/alexweichart/Developer/Zettel/Zettel/Views/DebugShortcutView.swift /Users/alexweichart/Developer/Zettel/Zettel/Views/LoadingStateView.swift /Users/alexweichart/Developer/Zettel/Zettel/Views/LocalizationTestView.swift -primary-file /Users/alexweichart/Developer/Zettel/Zettel/Views/MainView.swift /Users/alexweichart/Developer/Zettel/Zettel/Views/OverviewGrid.swift /Users/alexweichart/Developer/Zettel/Zettel/Views/SelectableTextField.swift /Users/alexweichart/Developer/Zettel/Zettel/Views/SettingsView.swift /Users/alexweichart/Developer/Zettel/Zettel/Views/SwipeNavigationView.swift /Users/alexweichart/Developer/Zettel/Zettel/Views/TagChipView.swift /Users/alexweichart/Developer/Zettel/Zettel/Views/TaggableTextEditor.swift /Users/alexweichart/Developer/Zettel/Zettel/ContentView.swift /Users/alexweichart/Developer/Zettel/Zettel/ZettelApp.swift /Users/alexweichart/Developer/Zettel/build/DerivedData/Build/Intermediates.noindex/Zettel.build/Debug-iphoneos/Zettel.build/DerivedSources/GeneratedAssetSymbols.swift -emit-dependencies-path /Users/alexweichart/Developer/Zettel/build/DerivedData/Build/Intermediates.noindex/Zettel.build/Debug-iphoneos/Zettel.build/Objects-normal/arm64/MainView.d -emit-const-values-path /Users/alexweichart/Developer/Zettel/build/DerivedData/Build/Intermediates.noindex/Zettel.build/Debug-iphoneos/Zettel.build/Objects-normal/arm64/MainView.swiftconstvalues -emit-reference-dependencies-path /Users/alexweichart/Developer/Zettel/build/DerivedData/Build/Intermediates.noindex/Zettel.build/Debug-iphoneos/Zettel.build/Objects-normal/arm64/MainView.swiftdeps -serialize-diagnostics-path /Users/alexweichart/Developer/Zettel/build/DerivedData/Build/Intermediates.noindex/Zettel.build/Debug-iphoneos/Zettel.build/Objects-normal/arm64/MainView.dia -emit-localized-strings -emit-localized-strings-path /Users/alexweichart/Developer/Zettel/build/DerivedData/Build/Intermediates.noindex/Zettel.build/Debug-iphoneos/Zettel.build/Objects-normal/arm64 -target arm64-apple-ios26.0 -module-can-import-version DeveloperToolsSupport 23.0.4 23.0.4 -module-can-import-version SwiftUI 7.0.84.1 7.0.84 -module-can-import-version UIKit 9088.1.113 9088.1.113 -disable-cross-import-overlay-search -swift-module-cross-import AppIntents /Applications/Xcode.app/Contents/Developer/Platforms/iPhoneOS.platform/Developer/SDKs/iPhoneOS.sdk/System/Library/Frameworks/AppIntents.framework/Modules/AppIntents.swiftcrossimport/SwiftUI.swiftoverlay -swift-module-cross-import AppIntents /Applications/Xcode.app/Contents/Developer/Platforms/iPhoneOS.platform/Developer/SDKs/iPhoneOS.sdk/System/Library/Frameworks/AppIntents.framework/Modules/AppIntents.swiftcrossimport/UIKit.swiftoverlay -swift-module-cross-import AppIntents /Applications/Xcode.app/Contents/Developer/Platforms/iPhoneOS.platform/Developer/SDKs/iPhoneOS26.0.sdk/System/Library/Frameworks/AppIntents.framework/Modules/AppIntents.swiftcrossimport/SwiftUI.swiftoverlay -swift-module-cross-import AppIntents /Applications/Xcode.app/Contents/Developer/Platforms/iPhoneOS.platform/Developer/SDKs/iPhoneOS26.0.sdk/System/Library/Frameworks/AppIntents.framework/Modules/AppIntents.swiftcrossimport/UIKit.swiftoverlay -swift-module-cross-import RelevanceKit /Applications/Xcode.app/Contents/Developer/Platforms/iPhoneOS.platform/Developer/SDKs/iPhoneOS.sdk/System/Library/Frameworks/RelevanceKit.framework/Modules/RelevanceKit.swiftcrossimport/MapKit.swiftoverlay -swift-module-cross-import RelevanceKit /Applications/Xcode.app/Contents/Developer/Platforms/iPhoneOS.platform/Developer/SDKs/iPhoneOS26.0.sdk/System/Library/Frameworks/RelevanceKit.framework/Modules/RelevanceKit.swiftcrossimport/MapKit.swiftoverlay -load-resolved-plugin /Applications/Xcode.app/Contents/Developer/Platforms/iPhoneOS.platform/Developer/usr/lib/swift/host/plugins/libAppIntentsMacros.dylib\#/Applications/Xcode.app/Contents/Developer/Platforms/iPhoneOS.platform/Developer/usr/bin/swift-plugin-server\#AppIntentsMacros -load-resolved-plugin /Applications/Xcode.app/Contents/Developer/Platforms/iPhoneOS.platform/Developer/usr/lib/swift/host/plugins/libFoundationMacros.dylib\#/Applications/Xcode.app/Contents/Developer/Platforms/iPhoneOS.platform/Developer/usr/bin/swift-plugin-server\#FoundationMacros -load-resolved-plugin /Applications/Xcode.app/Contents/Developer/Platforms/iPhoneOS.platform/Developer/usr/lib/swift/host/plugins/libObservationMacros.dylib\#/Applications/Xcode.app/Contents/Developer/Platforms/iPhoneOS.platform/Developer/usr/bin/swift-plugin-server\#ObservationMacros -load-resolved-plugin /Applications/Xcode.app/Contents/Developer/Platforms/iPhoneOS.platform/Developer/usr/lib/swift/host/plugins/libPreviewsMacros.dylib\#/Applications/Xcode.app/Contents/Developer/Platforms/iPhoneOS.platform/Developer/usr/bin/swift-plugin-server\#PreviewsMacros -load-resolved-plugin /Applications/Xcode.app/Contents/Developer/Platforms/iPhoneOS.platform/Developer/usr/lib/swift/host/plugins/libSwiftMacros.dylib\#/Applications/Xcode.app/Contents/Developer/Platforms/iPhoneOS.platform/Developer/usr/bin/swift-plugin-server\#SwiftMacros -load-resolved-plugin /Applications/Xcode.app/Contents/Developer/Platforms/iPhoneOS.platform/Developer/usr/lib/swift/host/plugins/libSwiftUIMacros.dylib\#/Applications/Xcode.app/Contents/Developer/Platforms/iPhoneOS.platform/Developer/usr/bin/swift-plugin-server\#SwiftUIMacros -disable-implicit-swift-modules -Xcc -fno-implicit-modules -Xcc -fno-implicit-module-maps -explicit-swift-module-map-file /Users/alexweichart/Developer/Zettel/build/DerivedData/Build/Intermediates.noindex/Zettel.build/Debug-iphoneos/Zettel.build/Objects-normal/arm64/Zettel-dependencies-1.json -Xllvm -aarch64-use-tbi -enable-objc-interop -stack-check -sdk /Applications/Xcode.app/Contents/Developer/Platforms/iPhoneOS.platform/Developer/SDKs/iPhoneOS26.0.sdk -I /Users/alexweichart/Developer/Zettel/build/DerivedData/Build/Products/Debug-iphoneos -F /Users/alexweichart/Developer/Zettel/build/DerivedData/Build/Products/Debug-iphoneos -no-color-diagnostics -Xcc -fno-color-diagnostics -enable-testing -g -debug-info-format\=dwarf -dwarf-version\=5 -module-cache-path /Users/alexweichart/Developer/Zettel/build/DerivedData/Build/Intermediates.noindex/SwiftExplicitPrecompiledModules -profile-generate -profile-coverage-mapping -swift-version 5 -enforce-exclusivity\=checked -Onone -D DEBUG -serialize-debugging-options -const-gather-protocols-file /Users/alexweichart/Developer/Zettel/build/DerivedData/Build/Intermediates.noindex/Zettel.build/Debug-iphoneos/Zettel.build/Objects-normal/arm64/Zettel_const_extract_protocols.json -enable-experimental-feature DebugDescriptionMacro -enable-bare-slash-regex -empty-abi-descriptor -validate-clang-modules-once -clang-build-session-file /Users/alexweichart/Developer/Zettel/build/DerivedData/ModuleCache.noindex/Session.modulevalidation -Xcc -working-directory -Xcc /Users/alexweichart/Developer/Zettel -enable-anonymous-context-mangled-names -file-compilation-dir /Users/alexweichart/Developer/Zettel -Xcc -D_LIBCPP_HARDENING_MODE\=_LIBCPP_HARDENING_MODE_DEBUG -Xcc -ivfsstatcache -Xcc /Users/alexweichart/Developer/Zettel/build/DerivedData/SDKStatCaches.noindex/iphoneos26.0-23A339-3885c01c3e6b6a337905948deab2002e81ce72e5b06c9602b9d30b56f2eed08a.sdkstatcache -Xcc -I/Users/alexweichart/Developer/Zettel/build/DerivedData/Build/Intermediates.noindex/Zettel.build/Debug-iphoneos/Zettel.build/swift-overrides.hmap -Xcc -iquote -Xcc /Users/alexweichart/Developer/Zettel/build/DerivedData/Build/Intermediates.noindex/Zettel.build/Debug-iphoneos/Zettel.build/Zettel-generated-files.hmap -Xcc -I/Users/alexweichart/Developer/Zettel/build/DerivedData/Build/Intermediates.noindex/Zettel.build/Debug-iphoneos/Zettel.build/Zettel-own-target-headers.hmap -Xcc -I/Users/alexweichart/Developer/Zettel/build/DerivedData/Build/Intermediates.noindex/Zettel.build/Debug-iphoneos/Zettel.build/Zettel-all-target-headers.hmap -Xcc -iquote -Xcc /Users/alexweichart/Developer/Zettel/build/DerivedData/Build/Intermediates.noindex/Zettel.build/Debug-iphoneos/Zettel.build/Zettel-project-headers.hmap -Xcc -I/Users/alexweichart/Developer/Zettel/build/DerivedData/Build/Products/Debug-iphoneos/include -Xcc -I/Users/alexweichart/Developer/Zettel/build/DerivedData/Build/Intermediates.noindex/Zettel.build/Debug-iphoneos/Zettel.build/DerivedSources-normal/arm64 -Xcc -I/Users/alexweichart/Developer/Zettel/build/DerivedData/Build/Intermediates.noindex/Zettel.build/Debug-iphoneos/Zettel.build/DerivedSources/arm64 -Xcc -I/Users/alexweichart/Developer/Zettel/build/DerivedData/Build/Intermediates.noindex/Zettel.build/Debug-iphoneos/Zettel.build/DerivedSources -Xcc -DDEBUG\=1 -no-auto-bridging-header-chaining -module-name Zettel -frontend-parseable-output -disable-clang-spi -target-sdk-version 26.0 -target-sdk-name iphoneos26.0 -clang-target arm64-apple-ios26.0 -in-process-plugin-server-path /Applications/Xcode.app/Contents/Developer/Toolchains/XcodeDefault.xctoolchain/usr/lib/swift/host/libSwiftInProcPluginServer.dylib -o /Users/alexweichart/Developer/Zettel/build/DerivedData/Build/Intermediates.noindex/Zettel.build/Debug-iphoneos/Zettel.build/Objects-normal/arm64/MainView.o -index-unit-output-path /Zettel.build/Debug-iphoneos/Zettel.build/Objects-normal/arm64/MainView.o -index-store-path /Users/alexweichart/Developer/Zettel/build/DerivedData/Index.noindex/DataStore -index-system-modules
SwiftEmitModule normal arm64 Emitting\ module\ for\ Zettel (in target 'Zettel' from project 'Zettel')

EmitSwiftModule normal arm64 (in target 'Zettel' from project 'Zettel')
    cd /Users/alexweichart/Developer/Zettel
    

